// Jest Snapshot v1, https://goo.gl/fbAQLP

exports[`Header component renders the correct basic shape 1`] = `
<header>
  Header content
</header>
`;
