// Jest Snapshot v1, https://goo.gl/fbAQLP

exports[`Main component renders the correct basic shape 1`] = `
<main>
  Content
</main>
`;
